

==================================================================================
=== CALIBRE::DRC-H SUMMARY REPORT
===
Execution Date/Time:       Wed Apr  7 10:30:28 2021
Calibre Version:           v2015.4_16.11    Fri Nov 13 13:51:36 PST 2015
Rule File Pathname:        /home/lyjslay/ClassDemo/_SmicDR10T_cal018_epm_sali_p2mt6_18155.drc_
Rule File Title:           
Layout System:             GDS
Layout Path(s):            DFF.calibre.db
Layout Primary Cell:       DFF
Current Directory:         /home/lyjslay/ClassDemo
User Name:                 lyjslay
Maximum Results/RuleCheck: 1000
Maximum Result Vertices:   4096
DRC Results Database:      DFF.drc.results (ASCII)
Layout Depth:              ALL
Text Depth:                PRIMARY
Summary Report File:       DFF.drc.summary (REPLACE)
Geometry Flagging:         ACUTE = YES  SKEW = YES  ANGLED = NO  OFFGRID = NO
                           NONSIMPLE POLYGON = YES  NONSIMPLE PATH = NO
Excluded Cells:           
CheckText Mapping:         COMMENT TEXT + RULE FILE INFORMATION
Layers:                    MEMORY-BASED
Keep Empty Checks:         YES
----------------------------------------------------------------------------------
--- RUNTIME WARNINGS
---
There is no data for layout net name ?VDD?.
There is no data for layout net name ?VCC?.
----------------------------------------------------------------------------------
--- ORIGINAL LAYER STATISTICS
---
LAYER EXCLU .... TOTAL Original Geometry Count = 0  (0)
LAYER AAi ...... TOTAL Original Geometry Count = 8  (72)
LAYER NWi ...... TOTAL Original Geometry Count = 0  (0)
LAYER TPWi ..... TOTAL Original Geometry Count = 1  (9)
LAYER DNWi ..... TOTAL Original Geometry Count = 1  (9)
LAYER TIMi ..... TOTAL Original Geometry Count = 0  (0)
LAYER GTi ...... TOTAL Original Geometry Count = 14 (108)
LAYER SPi ...... TOTAL Original Geometry Count = 3  (27)
LAYER SNi ...... TOTAL Original Geometry Count = 3  (27)
LAYER PLLi ..... TOTAL Original Geometry Count = 0  (0)
LAYER NLLi ..... TOTAL Original Geometry Count = 0  (0)
LAYER VTNHi .... TOTAL Original Geometry Count = 0  (0)
LAYER SABi ..... TOTAL Original Geometry Count = 0  (0)
LAYER CTi ...... TOTAL Original Geometry Count = 19 (171)
LAYER TOWi ..... TOTAL Original Geometry Count = 2  (18)
LAYER ONOi ..... TOTAL Original Geometry Count = 5  (27)
LAYER CGi ...... TOTAL Original Geometry Count = 0  (0)
LAYER M1i ...... TOTAL Original Geometry Count = 73 (214)
LAYER M2i ...... TOTAL Original Geometry Count = 18 (31)
LAYER M3i ...... TOTAL Original Geometry Count = 0  (0)
LAYER M4i ...... TOTAL Original Geometry Count = 0  (0)
LAYER M5i ...... TOTAL Original Geometry Count = 0  (0)
LAYER M6i ...... TOTAL Original Geometry Count = 0  (0)
LAYER V1i ...... TOTAL Original Geometry Count = 1  (14)
LAYER V2i ...... TOTAL Original Geometry Count = 0  (0)
LAYER V3i ...... TOTAL Original Geometry Count = 0  (0)
LAYER V4i ...... TOTAL Original Geometry Count = 0  (0)
LAYER V5i ...... TOTAL Original Geometry Count = 0  (0)
LAYER PAi ...... TOTAL Original Geometry Count = 0  (0)
LAYER GPi ...... TOTAL Original Geometry Count = 0  (0)
LAYER DDDi ..... TOTAL Original Geometry Count = 1  (9)
LAYER PBi ...... TOTAL Original Geometry Count = 0  (0)
LAYER HVPFi .... TOTAL Original Geometry Count = 0  (0)
LAYER MIMi ..... TOTAL Original Geometry Count = 0  (0)
LAYER PWIi ..... TOTAL Original Geometry Count = 0  (0)
LAYER HRPi ..... TOTAL Original Geometry Count = 0  (0)
LAYER OPCBA .... TOTAL Original Geometry Count = 0  (0)
LAYER OPCBP .... TOTAL Original Geometry Count = 0  (0)
LAYER OPCBM .... TOTAL Original Geometry Count = 0  (0)
LAYER HRPDMY ... TOTAL Original Geometry Count = 0  (0)
LAYER RESAA .... TOTAL Original Geometry Count = 0  (0)
LAYER RESP3T ... TOTAL Original Geometry Count = 0  (0)
LAYER RESP1 .... TOTAL Original Geometry Count = 0  (0)
LAYER RESNW .... TOTAL Original Geometry Count = 0  (0)
LAYER RESDMY ... TOTAL Original Geometry Count = 0  (0)
LAYER RLHVP .... TOTAL Original Geometry Count = 0  (0)
LAYER 5VHVNZ ... TOTAL Original Geometry Count = 0  (0)
LAYER BITCEL ... TOTAL Original Geometry Count = 0  (0)
LAYER CAPBP .... TOTAL Original Geometry Count = 0  (0)
LAYER DMPNP .... TOTAL Original Geometry Count = 0  (0)
LAYER DSTR ..... TOTAL Original Geometry Count = 0  (0)
LAYER PI ....... TOTAL Original Geometry Count = 0  (0)
LAYER ESD2 ..... TOTAL Original Geometry Count = 0  (0)
LAYER ESD3 ..... TOTAL Original Geometry Count = 0  (0)
----------------------------------------------------------------------------------
--- RULECHECK RESULTS STATISTICS
---
RULECHECK PB.1 ................. TOTAL Result Count = 0 (0)
RULECHECK PB.2 ................. TOTAL Result Count = 0 (0)
RULECHECK DNW_E1 ............... TOTAL Result Count = 0 (0)
RULECHECK DNW_E2 ............... TOTAL Result Count = 0 (0)
RULECHECK DNW_E3 ............... TOTAL Result Count = 0 (0)
RULECHECK DNW_E4 ............... TOTAL Result Count = 0 (0)
RULECHECK DNW_E5 ............... TOTAL Result Count = 0 (0)
RULECHECK DNW_E6 ............... TOTAL Result Count = 0 (0)
RULECHECK DNW_E8 ............... TOTAL Result Count = 0 (0)
RULECHECK TPW_E1 ............... TOTAL Result Count = 0 (0)
RULECHECK TPW_E2 ............... TOTAL Result Count = 0 (0)
RULECHECK TPW_E3 ............... TOTAL Result Count = 0 (0)
RULECHECK TPW_E4 ............... TOTAL Result Count = 0 (0)
RULECHECK TPW_E5 ............... TOTAL Result Count = 0 (0)
RULECHECK TPW_E6 ............... TOTAL Result Count = 0 (0)
RULECHECK NW_1 ................. TOTAL Result Count = 0 (0)
RULECHECK NW_2a ................ TOTAL Result Count = 0 (0)
RULECHECK NW_2b ................ TOTAL Result Count = 0 (0)
RULECHECK NW_3 ................. TOTAL Result Count = 0 (0)
RULECHECK NWE_1 ................ TOTAL Result Count = 0 (0)
RULECHECK NWE_2 ................ TOTAL Result Count = 0 (0)
RULECHECK NWE_3 ................ TOTAL Result Count = 0 (0)
RULECHECK NWE_4 ................ TOTAL Result Count = 0 (0)
RULECHECK NWE_5 ................ TOTAL Result Count = 0 (0)
RULECHECK NR_1 ................. TOTAL Result Count = 0 (0)
RULECHECK NR_2 ................. TOTAL Result Count = 0 (0)
RULECHECK NR_3 ................. TOTAL Result Count = 0 (0)
RULECHECK NR_4 ................. TOTAL Result Count = 0 (0)
RULECHECK NR_5 ................. TOTAL Result Count = 0 (0)
RULECHECK NR_6 ................. TOTAL Result Count = 0 (0)
RULECHECK NR_7 ................. TOTAL Result Count = 0 (0)
RULECHECK NR_8 ................. TOTAL Result Count = 0 (0)
RULECHECK AA_1_2 ............... TOTAL Result Count = 0 (0)
RULECHECK AA_3 ................. TOTAL Result Count = 0 (0)
RULECHECK AA_4 ................. TOTAL Result Count = 0 (0)
RULECHECK AA_5 ................. TOTAL Result Count = 0 (0)
RULECHECK AA_6 ................. TOTAL Result Count = 0 (0)
RULECHECK AA_7 ................. TOTAL Result Count = 0 (0)
RULECHECK AA_8 ................. TOTAL Result Count = 0 (0)
RULECHECK AA_9 ................. TOTAL Result Count = 0 (0)
RULECHECK AA_10a ............... TOTAL Result Count = 0 (0)
RULECHECK AA_10b ............... TOTAL Result Count = 0 (0)
RULECHECK AA_11 ................ TOTAL Result Count = 0 (0)
RULECHECK AA_12 ................ TOTAL Result Count = 0 (0)
RULECHECK AAE_1 ................ TOTAL Result Count = 0 (0)
RULECHECK AAE_2 ................ TOTAL Result Count = 0 (0)
RULECHECK AAE_3 ................ TOTAL Result Count = 0 (0)
RULECHECK AAE_4 ................ TOTAL Result Count = 0 (0)
RULECHECK AAE_5 ................ TOTAL Result Count = 0 (0)
RULECHECK AAE_6 ................ TOTAL Result Count = 0 (0)
RULECHECK AAE_7 ................ TOTAL Result Count = 0 (0)
RULECHECK AAE_8 ................ TOTAL Result Count = 0 (0)
RULECHECK AAE_9 ................ TOTAL Result Count = 0 (0)
RULECHECK AAE_10 ............... TOTAL Result Count = 0 (0)
RULECHECK AAE_11 ............... TOTAL Result Count = 0 (0)
RULECHECK AAE_12 ............... TOTAL Result Count = 0 (0)
RULECHECK AAE_13 ............... TOTAL Result Count = 0 (0)
RULECHECK AAE_14 ............... TOTAL Result Count = 0 (0)
RULECHECK AAE_15 ............... TOTAL Result Count = 0 (0)
RULECHECK AAE_16 ............... TOTAL Result Count = 0 (0)
RULECHECK AAE_17 ............... TOTAL Result Count = 0 (0)
RULECHECK AAE_18 ............... TOTAL Result Count = 0 (0)
RULECHECK AAE_19 ............... TOTAL Result Count = 0 (0)
RULECHECK AAE_20 ............... TOTAL Result Count = 0 (0)
RULECHECK AA_Notice ............ TOTAL Result Count = 0 (0)
RULECHECK TIM.1 ................ TOTAL Result Count = 0 (0)
RULECHECK TIM.2 ................ TOTAL Result Count = 0 (0)
RULECHECK TIM.3 ................ TOTAL Result Count = 0 (0)
RULECHECK TIM.4 ................ TOTAL Result Count = 0 (0)
RULECHECK TIM.5 ................ TOTAL Result Count = 0 (0)
RULECHECK TIM.6 ................ TOTAL Result Count = 0 (0)
RULECHECK TIM.7 ................ TOTAL Result Count = 0 (0)
RULECHECK TIM.8 ................ TOTAL Result Count = 0 (0)
RULECHECK TIM.9 ................ TOTAL Result Count = 0 (0)
RULECHECK PF_1 ................. TOTAL Result Count = 0 (0)
RULECHECK PF_2 ................. TOTAL Result Count = 0 (0)
RULECHECK PF_3 ................. TOTAL Result Count = 0 (0)
RULECHECK PF_6a ................ TOTAL Result Count = 0 (0)
RULECHECK PF_6b ................ TOTAL Result Count = 0 (0)
RULECHECK PF_7 ................. TOTAL Result Count = 0 (0)
RULECHECK PF_8 ................. TOTAL Result Count = 0 (0)
RULECHECK VTN_1 ................ TOTAL Result Count = 0 (0)
RULECHECK VTN_2 ................ TOTAL Result Count = 0 (0)
RULECHECK VTN_3 ................ TOTAL Result Count = 0 (0)
RULECHECK VTN_4 ................ TOTAL Result Count = 0 (0)
RULECHECK VTN_5 ................ TOTAL Result Count = 0 (0)
RULECHECK VTN_6 ................ TOTAL Result Count = 0 (0)
RULECHECK TOW_1 ................ TOTAL Result Count = 0 (0)
RULECHECK TOW_2 ................ TOTAL Result Count = 0 (0)
RULECHECK TOW_3 ................ TOTAL Result Count = 0 (0)
RULECHECK TOW_4 ................ TOTAL Result Count = 0 (0)
RULECHECK TOW_5 ................ TOTAL Result Count = 0 (0)
RULECHECK GTE_1a ............... TOTAL Result Count = 0 (0)
RULECHECK GTE_1b ............... TOTAL Result Count = 0 (0)
RULECHECK GTE_1c ............... TOTAL Result Count = 0 (0)
RULECHECK GTE_1d ............... TOTAL Result Count = 0 (0)
RULECHECK GTE_1e ............... TOTAL Result Count = 0 (0)
RULECHECK GTE_1f ............... TOTAL Result Count = 0 (0)
RULECHECK GTE_1g ............... TOTAL Result Count = 0 (0)
RULECHECK GTE_1h ............... TOTAL Result Count = 0 (0)
RULECHECK GTE_1i ............... TOTAL Result Count = 0 (0)
RULECHECK GTE_2a ............... TOTAL Result Count = 0 (0)
RULECHECK GTE_2b ............... TOTAL Result Count = 0 (0)
RULECHECK GTE_3c ............... TOTAL Result Count = 0 (0)
RULECHECK GTE_3d ............... TOTAL Result Count = 0 (0)
RULECHECK GTE_4_5a ............. TOTAL Result Count = 0 (0)
RULECHECK GTE_5b ............... TOTAL Result Count = 0 (0)
RULECHECK GTE_6 ................ TOTAL Result Count = 0 (0)
RULECHECK GTE_7a ............... TOTAL Result Count = 0 (0)
RULECHECK GTE_7b ............... TOTAL Result Count = 0 (0)
RULECHECK GTE_7c ............... TOTAL Result Count = 0 (0)
RULECHECK GTE_8 ................ TOTAL Result Count = 0 (0)
RULECHECK ONO_1 ................ TOTAL Result Count = 0 (0)
RULECHECK ONO_2 ................ TOTAL Result Count = 0 (0)
RULECHECK ONO_3 ................ TOTAL Result Count = 0 (0)
RULECHECK ONO_4 ................ TOTAL Result Count = 0 (0)
RULECHECK ONO_5 ................ TOTAL Result Count = 0 (0)
RULECHECK ONO_6 ................ TOTAL Result Count = 0 (0)
RULECHECK ONO_7 ................ TOTAL Result Count = 0 (0)
RULECHECK ONO_8 ................ TOTAL Result Count = 0 (0)
RULECHECK ONO_9 ................ TOTAL Result Count = 0 (0)
RULECHECK ONO_10 ............... TOTAL Result Count = 0 (0)
RULECHECK ONO_11 ............... TOTAL Result Count = 0 (0)
RULECHECK CG_2 ................. TOTAL Result Count = 0 (0)
RULECHECK CG_3 ................. TOTAL Result Count = 0 (0)
RULECHECK CG_4 ................. TOTAL Result Count = 0 (0)
RULECHECK CG_5a ................ TOTAL Result Count = 0 (0)
RULECHECK CG_5b ................ TOTAL Result Count = 0 (0)
RULECHECK CG_5c ................ TOTAL Result Count = 0 (0)
RULECHECK CG_5d ................ TOTAL Result Count = 0 (0)
RULECHECK CG_6_7 ............... TOTAL Result Count = 0 (0)
RULECHECK CG_8 ................. TOTAL Result Count = 0 (0)
RULECHECK CG_9 ................. TOTAL Result Count = 0 (0)
RULECHECK CG_10 ................ TOTAL Result Count = 0 (0)
RULECHECK GP_1_2 ............... TOTAL Result Count = 0 (0)
RULECHECK GP_3 ................. TOTAL Result Count = 0 (0)
RULECHECK GP_4 ................. TOTAL Result Count = 0 (0)
RULECHECK GP_5 ................. TOTAL Result Count = 0 (0)
RULECHECK GP_6 ................. TOTAL Result Count = 0 (0)
RULECHECK GP_7 ................. TOTAL Result Count = 0 (0)
RULECHECK GP_10a_b ............. TOTAL Result Count = 0 (0)
RULECHECK GP_11a ............... TOTAL Result Count = 0 (0)
RULECHECK GP_13 ................ TOTAL Result Count = 0 (0)
RULECHECK GP_14 ................ TOTAL Result Count = 0 (0)
RULECHECK GR_1 ................. NOT EXECUTED
RULECHECK GR_2 ................. NOT EXECUTED
RULECHECK GR_3 ................. NOT EXECUTED
RULECHECK GR_4a ................ NOT EXECUTED
RULECHECK GR_4b ................ NOT EXECUTED
RULECHECK GR_4c ................ NOT EXECUTED
RULECHECK GR_4d ................ NOT EXECUTED
RULECHECK GR_6 ................. NOT EXECUTED
RULECHECK GR_7 ................. NOT EXECUTED
RULECHECK DDD_1 ................ TOTAL Result Count = 0 (0)
RULECHECK DDD_2 ................ TOTAL Result Count = 0 (0)
RULECHECK DDD_3 ................ TOTAL Result Count = 0 (0)
RULECHECK DDD_4 ................ TOTAL Result Count = 0 (0)
RULECHECK DDD_5 ................ TOTAL Result Count = 0 (0)
RULECHECK DDD_6 ................ TOTAL Result Count = 0 (0)
RULECHECK NLL_1 ................ TOTAL Result Count = 0 (0)
RULECHECK NLL_2 ................ TOTAL Result Count = 0 (0)
RULECHECK NLL_3 ................ TOTAL Result Count = 0 (0)
RULECHECK NLL_4 ................ TOTAL Result Count = 0 (0)
RULECHECK NLL_5 ................ TOTAL Result Count = 0 (0)
RULECHECK NLL_6 ................ TOTAL Result Count = 0 (0)
RULECHECK NLL_8_12 ............. TOTAL Result Count = 0 (0)
RULECHECK NLL_9 ................ TOTAL Result Count = 0 (0)
RULECHECK NLL_10 ............... TOTAL Result Count = 0 (0)
RULECHECK NLL_14 ............... TOTAL Result Count = 0 (0)
RULECHECK NLLE_1 ............... TOTAL Result Count = 0 (0)
RULECHECK PLL_1 ................ TOTAL Result Count = 0 (0)
RULECHECK PLL_2 ................ TOTAL Result Count = 0 (0)
RULECHECK PLL_3 ................ TOTAL Result Count = 0 (0)
RULECHECK PLL_4 ................ TOTAL Result Count = 0 (0)
RULECHECK PLL_5 ................ TOTAL Result Count = 0 (0)
RULECHECK PLL_6 ................ TOTAL Result Count = 0 (0)
RULECHECK PLL_8_12 ............. TOTAL Result Count = 0 (0)
RULECHECK PLL_9 ................ TOTAL Result Count = 0 (0)
RULECHECK PLL_10 ............... TOTAL Result Count = 0 (0)
RULECHECK PLLE_1 ............... TOTAL Result Count = 0 (0)
RULECHECK SNE_1 ................ TOTAL Result Count = 0 (0)
RULECHECK SNE_2a ............... TOTAL Result Count = 0 (0)
RULECHECK SNE_2b ............... TOTAL Result Count = 0 (0)
RULECHECK SNE_3 ................ TOTAL Result Count = 0 (0)
RULECHECK SNE_4 ................ TOTAL Result Count = 0 (0)
RULECHECK SNE_5 ................ TOTAL Result Count = 0 (0)
RULECHECK SNE_6a ............... TOTAL Result Count = 0 (0)
RULECHECK SNE_6b ............... TOTAL Result Count = 0 (0)
RULECHECK SNE_6c ............... TOTAL Result Count = 0 (0)
RULECHECK SNE_7 ................ TOTAL Result Count = 0 (0)
RULECHECK SN_1 ................. TOTAL Result Count = 0 (0)
RULECHECK SN_2 ................. TOTAL Result Count = 0 (0)
RULECHECK SN_3 ................. TOTAL Result Count = 0 (0)
RULECHECK SN_4 ................. TOTAL Result Count = 0 (0)
RULECHECK SN_5 ................. TOTAL Result Count = 0 (0)
RULECHECK SN_6 ................. TOTAL Result Count = 0 (0)
RULECHECK SN_7_17 .............. TOTAL Result Count = 0 (0)
RULECHECK SN_8 ................. TOTAL Result Count = 0 (0)
RULECHECK SN_9 ................. TOTAL Result Count = 0 (0)
RULECHECK SN_10&11 ............. TOTAL Result Count = 0 (0)
RULECHECK SN_12&SP_12 .......... TOTAL Result Count = 0 (0)
RULECHECK SN_13&SP_13 .......... TOTAL Result Count = 0 (0)
RULECHECK SN_14 ................ TOTAL Result Count = 0 (0)
RULECHECK SN_15 ................ TOTAL Result Count = 0 (0)
RULECHECK SN_16 ................ TOTAL Result Count = 0 (0)
RULECHECK SN_18&SP_18 .......... TOTAL Result Count = 0 (0)
RULECHECK SPE_1 ................ TOTAL Result Count = 0 (0)
RULECHECK SPE_2a ............... TOTAL Result Count = 0 (0)
RULECHECK SPE_2b ............... TOTAL Result Count = 0 (0)
RULECHECK SPE_3 ................ TOTAL Result Count = 0 (0)
RULECHECK SPE_4 ................ TOTAL Result Count = 0 (0)
RULECHECK SPE_5 ................ TOTAL Result Count = 0 (0)
RULECHECK SPE_6a ............... TOTAL Result Count = 0 (0)
RULECHECK SPE_6b ............... TOTAL Result Count = 0 (0)
RULECHECK SPE_7 ................ TOTAL Result Count = 0 (0)
RULECHECK SPE_8 ................ TOTAL Result Count = 0 (0)
RULECHECK SPE_9 ................ TOTAL Result Count = 0 (0)
RULECHECK SPE_10 ............... TOTAL Result Count = 0 (0)
RULECHECK SPE_11 ............... TOTAL Result Count = 0 (0)
RULECHECK SPE_12 ............... TOTAL Result Count = 0 (0)
RULECHECK SP_1 ................. TOTAL Result Count = 0 (0)
RULECHECK SP_2 ................. TOTAL Result Count = 0 (0)
RULECHECK SP_3 ................. TOTAL Result Count = 0 (0)
RULECHECK SP_4 ................. TOTAL Result Count = 0 (0)
RULECHECK SP_5 ................. TOTAL Result Count = 0 (0)
RULECHECK SP_6 ................. TOTAL Result Count = 0 (0)
RULECHECK SP_7_17 .............. TOTAL Result Count = 0 (0)
RULECHECK SP_8 ................. TOTAL Result Count = 0 (0)
RULECHECK SP_9 ................. TOTAL Result Count = 0 (0)
RULECHECK SP_10&11 ............. TOTAL Result Count = 0 (0)
RULECHECK SP_14 ................ TOTAL Result Count = 0 (0)
RULECHECK SP_15 ................ TOTAL Result Count = 0 (0)
RULECHECK SP_16 ................ TOTAL Result Count = 0 (0)
RULECHECK SAB_1 ................ TOTAL Result Count = 0 (0)
RULECHECK SAB_2 ................ TOTAL Result Count = 0 (0)
RULECHECK SAB_3 ................ TOTAL Result Count = 0 (0)
RULECHECK SAB_4 ................ TOTAL Result Count = 0 (0)
RULECHECK SAB_5 ................ TOTAL Result Count = 0 (0)
RULECHECK SAB_6 ................ TOTAL Result Count = 0 (0)
RULECHECK SAB_7 ................ TOTAL Result Count = 0 (0)
RULECHECK SAB_8 ................ TOTAL Result Count = 0 (0)
RULECHECK SAB_9 ................ TOTAL Result Count = 0 (0)
RULECHECK SAB_10 ............... TOTAL Result Count = 0 (0)
RULECHECK SAB_11 ............... TOTAL Result Count = 0 (0)
RULECHECK SAB_E1_2 ............. TOTAL Result Count = 0 (0)
RULECHECK SAB_E3 ............... TOTAL Result Count = 0 (0)
RULECHECK SAB_E4 ............... TOTAL Result Count = 0 (0)
RULECHECK SAB_E5 ............... TOTAL Result Count = 0 (0)
RULECHECK SAB_E6 ............... TOTAL Result Count = 0 (0)
RULECHECK SAB_E7 ............... TOTAL Result Count = 0 (0)
RULECHECK CT_1 ................. TOTAL Result Count = 0 (0)
RULECHECK CT_2 ................. TOTAL Result Count = 0 (0)
RULECHECK CT_3 ................. TOTAL Result Count = 0 (0)
RULECHECK CT_4a ................ TOTAL Result Count = 0 (0)
RULECHECK CT_4b ................ TOTAL Result Count = 0 (0)
RULECHECK CT_5a ................ TOTAL Result Count = 0 (0)
RULECHECK CT_5b ................ TOTAL Result Count = 0 (0)
RULECHECK CT_5c ................ TOTAL Result Count = 0 (0)
RULECHECK CT_5d ................ TOTAL Result Count = 0 (0)
RULECHECK CT_6a ................ TOTAL Result Count = 0 (0)
RULECHECK CT_6b ................ TOTAL Result Count = 0 (0)
RULECHECK CT_7a ................ TOTAL Result Count = 0 (0)
RULECHECK CT_7b ................ TOTAL Result Count = 0 (0)
RULECHECK CT_9 ................. TOTAL Result Count = 0 (0)
RULECHECK CT_8 ................. TOTAL Result Count = 0 (0)
RULECHECK CT_10 ................ TOTAL Result Count = 0 (0)
RULECHECK CT_11 ................ TOTAL Result Count = 0 (0)
RULECHECK CT_12 ................ TOTAL Result Count = 0 (0)
RULECHECK CT_E1 ................ TOTAL Result Count = 0 (0)
RULECHECK CT_E2 ................ TOTAL Result Count = 0 (0)
RULECHECK CT_E3 ................ TOTAL Result Count = 0 (0)
RULECHECK CT_E4 ................ TOTAL Result Count = 0 (0)
RULECHECK M1_1 ................. TOTAL Result Count = 0 (0)
RULECHECK M1_2 ................. TOTAL Result Count = 0 (0)
RULECHECK M1_3&4 ............... TOTAL Result Count = 0 (0)
RULECHECK M1_5 ................. TOTAL Result Count = 0 (0)
RULECHECK M1_6 ................. TOTAL Result Count = 0 (0)
RULECHECK M2_1 ................. TOTAL Result Count = 0 (0)
RULECHECK M2_2 ................. TOTAL Result Count = 0 (0)
RULECHECK M2_3_4 ............... TOTAL Result Count = 0 (0)
RULECHECK M2_5 ................. TOTAL Result Count = 0 (0)
RULECHECK M2_6 ................. TOTAL Result Count = 0 (0)
RULECHECK M3_1 ................. TOTAL Result Count = 0 (0)
RULECHECK M3_2 ................. TOTAL Result Count = 0 (0)
RULECHECK M3_3_4 ............... TOTAL Result Count = 0 (0)
RULECHECK M3_5 ................. TOTAL Result Count = 0 (0)
RULECHECK M3_6 ................. TOTAL Result Count = 0 (0)
RULECHECK M4_1 ................. TOTAL Result Count = 0 (0)
RULECHECK M4_2 ................. TOTAL Result Count = 0 (0)
RULECHECK M4_3_4 ............... TOTAL Result Count = 0 (0)
RULECHECK M4_5 ................. TOTAL Result Count = 0 (0)
RULECHECK M4_6 ................. TOTAL Result Count = 0 (0)
RULECHECK M5_1 ................. TOTAL Result Count = 0 (0)
RULECHECK M5_2 ................. TOTAL Result Count = 0 (0)
RULECHECK M5_3_4 ............... TOTAL Result Count = 0 (0)
RULECHECK M5_5 ................. TOTAL Result Count = 0 (0)
RULECHECK M5_6 ................. TOTAL Result Count = 0 (0)
RULECHECK MT_1 ................. TOTAL Result Count = 0 (0)
RULECHECK MT_2 ................. TOTAL Result Count = 0 (0)
RULECHECK MT_3 ................. TOTAL Result Count = 0 (0)
RULECHECK MT_4 ................. TOTAL Result Count = 0 (0)
RULECHECK MT_5 ................. TOTAL Result Count = 0 (0)
RULECHECK V1_1 ................. TOTAL Result Count = 0 (0)
RULECHECK V1_2 ................. TOTAL Result Count = 0 (0)
RULECHECK V1_3_4 ............... TOTAL Result Count = 0 (0)
RULECHECK V2_1 ................. TOTAL Result Count = 0 (0)
RULECHECK V2_2 ................. TOTAL Result Count = 0 (0)
RULECHECK V2_3_4 ............... TOTAL Result Count = 0 (0)
RULECHECK V3_1 ................. TOTAL Result Count = 0 (0)
RULECHECK V3_2 ................. TOTAL Result Count = 0 (0)
RULECHECK V3_3_4 ............... TOTAL Result Count = 0 (0)
RULECHECK V4_1 ................. TOTAL Result Count = 0 (0)
RULECHECK V4_2 ................. TOTAL Result Count = 0 (0)
RULECHECK V4_3_4 ............... TOTAL Result Count = 0 (0)
RULECHECK VT_1 ................. TOTAL Result Count = 0 (0)
RULECHECK VT_2 ................. TOTAL Result Count = 0 (0)
RULECHECK VT_3_4 ............... TOTAL Result Count = 0 (0)
RULECHECK PI_1 ................. TOTAL Result Count = 0 (0)
RULECHECK PI_2 ................. TOTAL Result Count = 0 (0)
RULECHECK SLOT_1a_M1 ........... NOT EXECUTED
RULECHECK SLOT_1a_M2 ........... NOT EXECUTED
RULECHECK SLOT_1a_M3 ........... NOT EXECUTED
RULECHECK SLOT_1a_M4 ........... NOT EXECUTED
RULECHECK SLOT_1a_M5 ........... NOT EXECUTED
RULECHECK SLOT_1a_M6 ........... NOT EXECUTED
RULECHECK SLOT_1b_M1 ........... NOT EXECUTED
RULECHECK SLOT_1b_M2 ........... NOT EXECUTED
RULECHECK SLOT_1b_M3 ........... NOT EXECUTED
RULECHECK SLOT_1b_M4 ........... NOT EXECUTED
RULECHECK SLOT_1b_M5 ........... NOT EXECUTED
RULECHECK SLOT_1b_M6 ........... NOT EXECUTED
RULECHECK SLOT_2_M1 ............ NOT EXECUTED
RULECHECK SLOT_2_M2 ............ NOT EXECUTED
RULECHECK SLOT_2_M3 ............ NOT EXECUTED
RULECHECK SLOT_2_M4 ............ NOT EXECUTED
RULECHECK SLOT_2_M5 ............ NOT EXECUTED
RULECHECK SLOT_2_M6 ............ NOT EXECUTED
RULECHECK SLOT_3a_4a_M1 ........ NOT EXECUTED
RULECHECK SLOT_3a_4a_M2 ........ NOT EXECUTED
RULECHECK SLOT_3a_4a_M3 ........ NOT EXECUTED
RULECHECK SLOT_3a_4a_M4 ........ NOT EXECUTED
RULECHECK SLOT_3a_4a_M5 ........ NOT EXECUTED
RULECHECK SLOT_3a_4a_M6 ........ NOT EXECUTED
RULECHECK SLOT_3b_4b_M1 ........ NOT EXECUTED
RULECHECK SLOT_3b_4b_M2 ........ NOT EXECUTED
RULECHECK SLOT_3b_4b_M3 ........ NOT EXECUTED
RULECHECK SLOT_3b_4b_M4 ........ NOT EXECUTED
RULECHECK SLOT_3b_4b_M5 ........ NOT EXECUTED
RULECHECK SLOT_3b_4b_M6 ........ NOT EXECUTED
RULECHECK SLOT_5a_M1 ........... NOT EXECUTED
RULECHECK SLOT_5a_M2 ........... NOT EXECUTED
RULECHECK SLOT_5a_M3 ........... NOT EXECUTED
RULECHECK SLOT_5a_M4 ........... NOT EXECUTED
RULECHECK SLOT_5a_M5 ........... NOT EXECUTED
RULECHECK SLOT_5a_M6 ........... NOT EXECUTED
RULECHECK SLOT_5b_M1 ........... NOT EXECUTED
RULECHECK SLOT_5b_M2 ........... NOT EXECUTED
RULECHECK SLOT_5b_M3 ........... NOT EXECUTED
RULECHECK SLOT_5b_M4 ........... NOT EXECUTED
RULECHECK SLOT_5b_M5 ........... NOT EXECUTED
RULECHECK SLOT_5b_M6 ........... NOT EXECUTED
RULECHECK SLOT_7_M1_M2 ......... NOT EXECUTED
RULECHECK SLOT_7_M2_M3 ......... NOT EXECUTED
RULECHECK SLOT_7_M3_M4 ......... NOT EXECUTED
RULECHECK SLOT_7_M4_M5 ......... NOT EXECUTED
RULECHECK SLOT_7_M5_M6 ......... NOT EXECUTED
RULECHECK RES_1 ................ TOTAL Result Count = 0 (0)
RULECHECK RES_2 ................ TOTAL Result Count = 0 (0)
RULECHECK CAP_1 ................ TOTAL Result Count = 0 (0)
RULECHECK CAP_2a ............... TOTAL Result Count = 0 (0)
RULECHECK CAP_2b ............... TOTAL Result Count = 0 (0)
RULECHECK CAP_3 ................ TOTAL Result Count = 0 (0)
RULECHECK PIP_1 ................ TOTAL Result Count = 0 (0)
RULECHECK PIP_2 ................ TOTAL Result Count = 0 (0)
RULECHECK PIP_3 ................ TOTAL Result Count = 0 (0)
RULECHECK PIP_4 ................ TOTAL Result Count = 0 (0)
RULECHECK PIP_5 ................ TOTAL Result Count = 0 (0)
RULECHECK PIP_6 ................ TOTAL Result Count = 0 (0)
RULECHECK PIP_7 ................ TOTAL Result Count = 0 (0)
RULECHECK PIP_8 ................ TOTAL Result Count = 0 (0)
RULECHECK PIP_9 ................ TOTAL Result Count = 0 (0)
RULECHECK PIP_10 ............... TOTAL Result Count = 0 (0)
RULECHECK PIP_11 ............... TOTAL Result Count = 0 (0)
RULECHECK SPIP_1 ............... TOTAL Result Count = 0 (0)
RULECHECK SPIP_2 ............... TOTAL Result Count = 0 (0)
RULECHECK SPIP_3 ............... TOTAL Result Count = 0 (0)
RULECHECK SPIP_4 ............... TOTAL Result Count = 0 (0)
RULECHECK SPIP_5 ............... TOTAL Result Count = 0 (0)
RULECHECK SPIP_6 ............... TOTAL Result Count = 0 (0)
RULECHECK SPIP_8 ............... TOTAL Result Count = 0 (0)
RULECHECK SPIP_suggestion ...... TOTAL Result Count = 0 (0)
RULECHECK BJT_1 ................ TOTAL Result Count = 0 (0)
RULECHECK BJT_3 ................ TOTAL Result Count = 0 (0)
RULECHECK BJT_4 ................ TOTAL Result Count = 0 (0)
RULECHECK BJT_6 ................ TOTAL Result Count = 0 (0)
RULECHECK BJT_7 ................ TOTAL Result Count = 0 (0)
RULECHECK BJT_8 ................ TOTAL Result Count = 0 (0)
RULECHECK BJT_9 ................ TOTAL Result Count = 0 (0)
RULECHECK BJT_10 ............... TOTAL Result Count = 0 (0)
RULECHECK BJT_11 ............... TOTAL Result Count = 0 (0)
RULECHECK BJT_12 ............... TOTAL Result Count = 0 (0)
RULECHECK BJT_13 ............... TOTAL Result Count = 0 (0)
RULECHECK BJT_33_1 ............. TOTAL Result Count = 0 (0)
RULECHECK BJT_33_3 ............. TOTAL Result Count = 0 (0)
RULECHECK BJT_33_4 ............. TOTAL Result Count = 0 (0)
RULECHECK BJT_33_5 ............. TOTAL Result Count = 0 (0)
RULECHECK BJT_33_6 ............. TOTAL Result Count = 0 (0)
RULECHECK BJT_33_7 ............. TOTAL Result Count = 0 (0)
RULECHECK BJT_33_8 ............. TOTAL Result Count = 0 (0)
RULECHECK BJT_33_9 ............. TOTAL Result Count = 0 (0)
RULECHECK BJT_33_10 ............ TOTAL Result Count = 0 (0)
RULECHECK BJT_33_11 ............ TOTAL Result Count = 0 (0)
RULECHECK BJT_33_12 ............ TOTAL Result Count = 0 (0)
RULECHECK MIM_1 ................ TOTAL Result Count = 0 (0)
RULECHECK MIM_2 ................ TOTAL Result Count = 0 (0)
RULECHECK MIM_3 ................ TOTAL Result Count = 0 (0)
RULECHECK MIM_4 ................ TOTAL Result Count = 0 (0)
RULECHECK MIM_5 ................ TOTAL Result Count = 0 (0)
RULECHECK MIM_6 ................ TOTAL Result Count = 0 (0)
RULECHECK MIM_7 ................ TOTAL Result Count = 0 (0)
RULECHECK MIM_8a ............... TOTAL Result Count = 1 (1)
RULECHECK MIM_8b ............... NOT EXECUTED
RULECHECK MIM_8c ............... NOT EXECUTED
RULECHECK MIM_9a ............... TOTAL Result Count = 0 (0)
RULECHECK MIM_9b ............... TOTAL Result Count = 0 (0)
RULECHECK MIM_10 ............... TOTAL Result Count = 0 (0)
RULECHECK MIM_11 ............... TOTAL Result Count = 0 (0)
RULECHECK MIM_12 ............... TOTAL Result Count = 0 (0)
RULECHECK MIM_13 ............... TOTAL Result Count = 0 (0)
RULECHECK MIM_14 ............... TOTAL Result Count = 0 (0)
RULECHECK MIM_15 ............... TOTAL Result Count = 0 (0)
RULECHECK MIM_16 ............... TOTAL Result Count = 0 (0)
RULECHECK MIM_17 ............... TOTAL Result Count = 0 (0)
RULECHECK ESD2_1 ............... TOTAL Result Count = 0 (0)
RULECHECK ESD2_2 ............... TOTAL Result Count = 0 (0)
RULECHECK ESD3_1 ............... TOTAL Result Count = 0 (0)
RULECHECK ESD3_2 ............... TOTAL Result Count = 0 (0)
RULECHECK HRP_2 ................ TOTAL Result Count = 0 (0)
RULECHECK HRP_3_4 .............. TOTAL Result Count = 0 (0)
RULECHECK HRP_5 ................ TOTAL Result Count = 0 (0)
RULECHECK HRP_6 ................ TOTAL Result Count = 0 (0)
RULECHECK HRP_7 ................ TOTAL Result Count = 0 (0)
RULECHECK HRP_8 ................ TOTAL Result Count = 0 (0)
RULECHECK HRP_10 ............... TOTAL Result Count = 0 (0)
RULECHECK HRP_11 ............... TOTAL Result Count = 0 (0)
RULECHECK PWI_1 ................ TOTAL Result Count = 0 (0)
RULECHECK PWI_2 ................ TOTAL Result Count = 0 (0)
RULECHECK PWI_3 ................ TOTAL Result Count = 0 (0)
RULECHECK PWI_4 ................ TOTAL Result Count = 0 (0)
RULECHECK PWI_5 ................ TOTAL Result Count = 0 (0)
RULECHECK PWI_6 ................ TOTAL Result Count = 0 (0)
RULECHECK PWI_7 ................ TOTAL Result Count = 0 (0)
RULECHECK PWI_8 ................ TOTAL Result Count = 0 (0)
RULECHECK PWI_9 ................ TOTAL Result Count = 0 (0)
RULECHECK PWI_10 ............... TOTAL Result Count = 0 (0)
RULECHECK PWI_11 ............... TOTAL Result Count = 0 (0)
RULECHECK PWI_12 ............... TOTAL Result Count = 0 (0)
RULECHECK PWI_13 ............... TOTAL Result Count = 0 (0)
RULECHECK PD.GTa ............... TOTAL Result Count = 1 (1)
RULECHECK PD.GTb ............... TOTAL Result Count = 0 (0)
RULECHECK PD.CGa ............... TOTAL Result Count = 0 (0)
RULECHECK PD.CGb ............... TOTAL Result Count = 0 (0)
RULECHECK PD.GPa ............... TOTAL Result Count = 0 (0)
RULECHECK PD.GPb ............... TOTAL Result Count = 0 (0)
RULECHECK PD.M1 ................ TOTAL Result Count = 1 (1)
RULECHECK PD.M2 ................ TOTAL Result Count = 1 (1)
RULECHECK PD.M3 ................ TOTAL Result Count = 1 (1)
RULECHECK PD.M4 ................ TOTAL Result Count = 1 (1)
RULECHECK PD.M5 ................ TOTAL Result Count = 1 (1)
RULECHECK PD.M6 ................ TOTAL Result Count = 1 (1)
RULECHECK Convention_FLT_NW .... TOTAL Result Count = 0 (0)
RULECHECK Convention_BPMO ...... TOTAL Result Count = 0 (0)
RULECHECK Convention_BAD_IMP ... TOTAL Result Count = 0 (0)
RULECHECK Convention_LAT_3a1 ... TOTAL Result Count = 0 (0)
RULECHECK Convention_LAT_3a2 ... TOTAL Result Count = 0 (0)
RULECHECK Convention_LAT_3b1 ... TOTAL Result Count = 0 (0)
RULECHECK Convention_LAT_3b2 ... TOTAL Result Count = 0 (0)
RULECHECK Convention_LAT_3b3 ... TOTAL Result Count = 0 (0)
----------------------------------------------------------------------------------
--- RULECHECK RESULTS STATISTICS (BY CELL)
---
CELL DFF ............... TOTAL Result Count = 8 (8)
    RULECHECK MIM_8a ... TOTAL Result Count = 1 (1)
    RULECHECK PD.GTa ... TOTAL Result Count = 1 (1)
    RULECHECK PD.M1 .... TOTAL Result Count = 1 (1)
    RULECHECK PD.M2 .... TOTAL Result Count = 1 (1)
    RULECHECK PD.M3 .... TOTAL Result Count = 1 (1)
    RULECHECK PD.M4 .... TOTAL Result Count = 1 (1)
    RULECHECK PD.M5 .... TOTAL Result Count = 1 (1)
    RULECHECK PD.M6 .... TOTAL Result Count = 1 (1)
----------------------------------------------------------------------------------
--- SUMMARY
---
TOTAL CPU Time:                  0
TOTAL REAL Time:                 0
TOTAL Original Layer Geometries: 149 (736)
TOTAL DRC RuleChecks Executed:   420
TOTAL DRC Results Generated:     8 (8)
